src/components/ui/TubelightNavbar.ts(6,13): error TS6133: 'activeIndex' is declared but its value is never read.
src/components/ui/TubelightNavbar.ts(58,45): error TS6133: 'e' is declared but its value is never read.
src/sections/Projects/GitHubPark.ts(76,28): error TS6133: 'session' is declared but its value is never read.
